// Jest Snapshot v1, https://goo.gl/fbAQLP

exports[`UserInfoClick component should match shallow snapshop 1`] = `
<ContextConsumer>
  <Component />
</ContextConsumer>
`;
